2025-05-12 16:34:16,233 - INFO - üöÄ Iniciando sistema de registro de chamados...
2025-05-12 16:34:16,234 - INFO - Carregando credenciais...
2025-05-12 16:34:16,235 - INFO - Inicializando navegador...
2025-05-12 16:34:17,833 - INFO - üîÑ Iniciando processo de login...
2025-05-12 16:34:21,516 - INFO - Preenchendo credenciais...
2025-05-12 16:34:32,128 - INFO - Clicando no bot√£o de login...
2025-05-12 16:34:35,768 - INFO - Aguardando QR code desaparecer...
2025-05-12 16:34:43,211 - INFO - ‚úÖ Login realizado com sucesso!
2025-05-12 16:34:43,211 - INFO - Carregando dados da planilha...
2025-05-12 16:34:43,519 - INFO - üìä Total de registros a processar: 6
2025-05-12 16:34:43,519 - INFO - 
==================================================
2025-05-12 16:34:43,520 - INFO - [Linha 0] üìù Iniciando processamento do registro 1/6
2025-05-12 16:34:43,520 - INFO - 
[Linha 0] Iniciando preenchimento do formul√°rio...
2025-05-12 16:34:43,521 - INFO - [Linha 0] Documento original: 055.348.991-74
2025-05-12 16:34:43,521 - INFO - [Linha 0] Documento formatado: 055.348.991-74
2025-05-12 16:35:19,831 - INFO - [Linha 0] üîÑ Iniciando finaliza√ß√£o do atendimento...
2025-05-12 16:35:19,832 - INFO - [Linha 0] Clicando no bot√£o 'Finalizar atendimento'...
2025-05-12 16:35:19,930 - INFO - [Linha 0] Confirmando finaliza√ß√£o...
2025-05-12 16:35:21,075 - ERROR - [Linha 0] ‚ùå ERRO em finaliza√ß√£o do atendimento: Message: element click intercepted: Element <button _ngcontent-dcd-c122="" type="button" title="Finalizar" class="ss-btn ss-btn-primary">...</button> is not clickable at point (1118, 742). Other element would receive the click: <div _ngcontent-dcd-c31="" id="modal" class="ss-modal" style="display: block;">...</div>
  (Session info: chrome=136.0.7103.93)
Stacktrace:
	GetHandleVerifier [0x00007FF683A45335+78597]
	GetHandleVerifier [0x00007FF683A45390+78688]
	(No symbol) [0x00007FF6837F91AA]
	(No symbol) [0x00007FF683857089]
	(No symbol) [0x00007FF683854A42]
	(No symbol) [0x00007FF683851AE1]
	(No symbol) [0x00007FF683850A42]
	(No symbol) [0x00007FF683842204]
	(No symbol) [0x00007FF6838770EA]
	(No symbol) [0x00007FF683841AB6]
	(No symbol) [0x00007FF683877300]
	(No symbol) [0x00007FF68389F2BB]
	(No symbol) [0x00007FF683876EC3]
	(No symbol) [0x00007FF6838403F8]
	(No symbol) [0x00007FF683841163]
	GetHandleVerifier [0x00007FF683CEEEED+2870973]
	GetHandleVerifier [0x00007FF683CE9698+2848360]
	GetHandleVerifier [0x00007FF683D06973+2967875]
	GetHandleVerifier [0x00007FF683A6017A+188746]
	GetHandleVerifier [0x00007FF683A6845F+222255]
	GetHandleVerifier [0x00007FF683A4D2B4+111236]
	GetHandleVerifier [0x00007FF683A4D462+111666]
	GetHandleVerifier [0x00007FF683A33589+5465]
	BaseThreadInitThunk [0x00007FFA0AE87374+20]
	RtlUserThreadStart [0x00007FFA0CDDCC91+33]

2025-05-12 16:35:21,077 - ERROR - Stack trace:
Traceback (most recent call last):
  File "C:\Users\gabriel.sandres\OneDrive - Sicoob\√Årea de Trabalho\cod_fonte_registro\registro-chamados-codigo-fonte\main.py", line 710, in finalizar_atendimento
    ).click()
      ^^^^^^^
  File "C:\Users\gabriel.sandres\AppData\Local\Programs\Python\Python312\Lib\site-packages\selenium\webdriver\remote\webelement.py", line 119, in click
    self._execute(Command.CLICK_ELEMENT)
  File "C:\Users\gabriel.sandres\AppData\Local\Programs\Python\Python312\Lib\site-packages\selenium\webdriver\remote\webelement.py", line 572, in _execute
    return self._parent.execute(command, params)
           ^^^^^^^^^^^^^^^^^^^^^^^^^^^^^^^^^^^^^
  File "C:\Users\gabriel.sandres\AppData\Local\Programs\Python\Python312\Lib\site-packages\selenium\webdriver\remote\webdriver.py", line 429, in execute
    self.error_handler.check_response(response)
  File "C:\Users\gabriel.sandres\AppData\Local\Programs\Python\Python312\Lib\site-packages\selenium\webdriver\remote\errorhandler.py", line 232, in check_response
    raise exception_class(message, screen, stacktrace)
selenium.common.exceptions.ElementClickInterceptedException: Message: element click intercepted: Element <button _ngcontent-dcd-c122="" type="button" title="Finalizar" class="ss-btn ss-btn-primary">...</button> is not clickable at point (1118, 742). Other element would receive the click: <div _ngcontent-dcd-c31="" id="modal" class="ss-modal" style="display: block;">...</div>
  (Session info: chrome=136.0.7103.93)
Stacktrace:
	GetHandleVerifier [0x00007FF683A45335+78597]
	GetHandleVerifier [0x00007FF683A45390+78688]
	(No symbol) [0x00007FF6837F91AA]
	(No symbol) [0x00007FF683857089]
	(No symbol) [0x00007FF683854A42]
	(No symbol) [0x00007FF683851AE1]
	(No symbol) [0x00007FF683850A42]
	(No symbol) [0x00007FF683842204]
	(No symbol) [0x00007FF6838770EA]
	(No symbol) [0x00007FF683841AB6]
	(No symbol) [0x00007FF683877300]
	(No symbol) [0x00007FF68389F2BB]
	(No symbol) [0x00007FF683876EC3]
	(No symbol) [0x00007FF6838403F8]
	(No symbol) [0x00007FF683841163]
	GetHandleVerifier [0x00007FF683CEEEED+2870973]
	GetHandleVerifier [0x00007FF683CE9698+2848360]
	GetHandleVerifier [0x00007FF683D06973+2967875]
	GetHandleVerifier [0x00007FF683A6017A+188746]
	GetHandleVerifier [0x00007FF683A6845F+222255]
	GetHandleVerifier [0x00007FF683A4D2B4+111236]
	GetHandleVerifier [0x00007FF683A4D462+111666]
	GetHandleVerifier [0x00007FF683A33589+5465]
	BaseThreadInitThunk [0x00007FFA0AE87374+20]
	RtlUserThreadStart [0x00007FFA0CDDCC91+33]

2025-05-12 16:35:21,085 - ERROR - [Linha 0] ‚ùå ERRO em processamento do registro: Falha ao finalizar atendimento: Message: element click intercepted: Element <button _ngcontent-dcd-c122="" type="button" title="Finalizar" class="ss-btn ss-btn-primary">...</button> is not clickable at point (1118, 742). Other element would receive the click: <div _ngcontent-dcd-c31="" id="modal" class="ss-modal" style="display: block;">...</div>
  (Session info: chrome=136.0.7103.93)
Stacktrace:
	GetHandleVerifier [0x00007FF683A45335+78597]
	GetHandleVerifier [0x00007FF683A45390+78688]
	(No symbol) [0x00007FF6837F91AA]
	(No symbol) [0x00007FF683857089]
	(No symbol) [0x00007FF683854A42]
	(No symbol) [0x00007FF683851AE1]
	(No symbol) [0x00007FF683850A42]
	(No symbol) [0x00007FF683842204]
	(No symbol) [0x00007FF6838770EA]
	(No symbol) [0x00007FF683841AB6]
	(No symbol) [0x00007FF683877300]
	(No symbol) [0x00007FF68389F2BB]
	(No symbol) [0x00007FF683876EC3]
	(No symbol) [0x00007FF6838403F8]
	(No symbol) [0x00007FF683841163]
	GetHandleVerifier [0x00007FF683CEEEED+2870973]
	GetHandleVerifier [0x00007FF683CE9698+2848360]
	GetHandleVerifier [0x00007FF683D06973+2967875]
	GetHandleVerifier [0x00007FF683A6017A+188746]
	GetHandleVerifier [0x00007FF683A6845F+222255]
	GetHandleVerifier [0x00007FF683A4D2B4+111236]
	GetHandleVerifier [0x00007FF683A4D462+111666]
	GetHandleVerifier [0x00007FF683A33589+5465]
	BaseThreadInitThunk [0x00007FFA0AE87374+20]
	RtlUserThreadStart [0x00007FFA0CDDCC91+33]

2025-05-12 16:35:21,088 - ERROR - Stack trace:
Traceback (most recent call last):
  File "C:\Users\gabriel.sandres\OneDrive - Sicoob\√Årea de Trabalho\cod_fonte_registro\registro-chamados-codigo-fonte\main.py", line 710, in finalizar_atendimento
    ).click()
      ^^^^^^^
  File "C:\Users\gabriel.sandres\AppData\Local\Programs\Python\Python312\Lib\site-packages\selenium\webdriver\remote\webelement.py", line 119, in click
    self._execute(Command.CLICK_ELEMENT)
  File "C:\Users\gabriel.sandres\AppData\Local\Programs\Python\Python312\Lib\site-packages\selenium\webdriver\remote\webelement.py", line 572, in _execute
    return self._parent.execute(command, params)
           ^^^^^^^^^^^^^^^^^^^^^^^^^^^^^^^^^^^^^
  File "C:\Users\gabriel.sandres\AppData\Local\Programs\Python\Python312\Lib\site-packages\selenium\webdriver\remote\webdriver.py", line 429, in execute
    self.error_handler.check_response(response)
  File "C:\Users\gabriel.sandres\AppData\Local\Programs\Python\Python312\Lib\site-packages\selenium\webdriver\remote\errorhandler.py", line 232, in check_response
    raise exception_class(message, screen, stacktrace)
selenium.common.exceptions.ElementClickInterceptedException: Message: element click intercepted: Element <button _ngcontent-dcd-c122="" type="button" title="Finalizar" class="ss-btn ss-btn-primary">...</button> is not clickable at point (1118, 742). Other element would receive the click: <div _ngcontent-dcd-c31="" id="modal" class="ss-modal" style="display: block;">...</div>
  (Session info: chrome=136.0.7103.93)
Stacktrace:
	GetHandleVerifier [0x00007FF683A45335+78597]
	GetHandleVerifier [0x00007FF683A45390+78688]
	(No symbol) [0x00007FF6837F91AA]
	(No symbol) [0x00007FF683857089]
	(No symbol) [0x00007FF683854A42]
	(No symbol) [0x00007FF683851AE1]
	(No symbol) [0x00007FF683850A42]
	(No symbol) [0x00007FF683842204]
	(No symbol) [0x00007FF6838770EA]
	(No symbol) [0x00007FF683841AB6]
	(No symbol) [0x00007FF683877300]
	(No symbol) [0x00007FF68389F2BB]
	(No symbol) [0x00007FF683876EC3]
	(No symbol) [0x00007FF6838403F8]
	(No symbol) [0x00007FF683841163]
	GetHandleVerifier [0x00007FF683CEEEED+2870973]
	GetHandleVerifier [0x00007FF683CE9698+2848360]
	GetHandleVerifier [0x00007FF683D06973+2967875]
	GetHandleVerifier [0x00007FF683A6017A+188746]
	GetHandleVerifier [0x00007FF683A6845F+222255]
	GetHandleVerifier [0x00007FF683A4D2B4+111236]
	GetHandleVerifier [0x00007FF683A4D462+111666]
	GetHandleVerifier [0x00007FF683A33589+5465]
	BaseThreadInitThunk [0x00007FFA0AE87374+20]
	RtlUserThreadStart [0x00007FFA0CDDCC91+33]


During handling of the above exception, another exception occurred:

Traceback (most recent call last):
  File "C:\Users\gabriel.sandres\OneDrive - Sicoob\√Årea de Trabalho\cod_fonte_registro\registro-chamados-codigo-fonte\main.py", line 762, in main
    if finalizar_atendimento(driver, index):
       ^^^^^^^^^^^^^^^^^^^^^^^^^^^^^^^^^^^^
  File "C:\Users\gabriel.sandres\OneDrive - Sicoob\√Årea de Trabalho\cod_fonte_registro\registro-chamados-codigo-fonte\main.py", line 721, in finalizar_atendimento
    raise FinalizacaoError(f"Falha ao finalizar atendimento: {str(e)}")
FinalizacaoError: Falha ao finalizar atendimento: Message: element click intercepted: Element <button _ngcontent-dcd-c122="" type="button" title="Finalizar" class="ss-btn ss-btn-primary">...</button> is not clickable at point (1118, 742). Other element would receive the click: <div _ngcontent-dcd-c31="" id="modal" class="ss-modal" style="display: block;">...</div>
  (Session info: chrome=136.0.7103.93)
Stacktrace:
	GetHandleVerifier [0x00007FF683A45335+78597]
	GetHandleVerifier [0x00007FF683A45390+78688]
	(No symbol) [0x00007FF6837F91AA]
	(No symbol) [0x00007FF683857089]
	(No symbol) [0x00007FF683854A42]
	(No symbol) [0x00007FF683851AE1]
	(No symbol) [0x00007FF683850A42]
	(No symbol) [0x00007FF683842204]
	(No symbol) [0x00007FF6838770EA]
	(No symbol) [0x00007FF683841AB6]
	(No symbol) [0x00007FF683877300]
	(No symbol) [0x00007FF68389F2BB]
	(No symbol) [0x00007FF683876EC3]
	(No symbol) [0x00007FF6838403F8]
	(No symbol) [0x00007FF683841163]
	GetHandleVerifier [0x00007FF683CEEEED+2870973]
	GetHandleVerifier [0x00007FF683CE9698+2848360]
	GetHandleVerifier [0x00007FF683D06973+2967875]
	GetHandleVerifier [0x00007FF683A6017A+188746]
	GetHandleVerifier [0x00007FF683A6845F+222255]
	GetHandleVerifier [0x00007FF683A4D2B4+111236]
	GetHandleVerifier [0x00007FF683A4D462+111666]
	GetHandleVerifier [0x00007FF683A33589+5465]
	BaseThreadInitThunk [0x00007FFA0AE87374+20]
	RtlUserThreadStart [0x00007FFA0CDDCC91+33]

2025-05-12 16:35:21,096 - INFO - 
==================================================
2025-05-12 16:35:21,097 - INFO - [Linha 1] üìù Iniciando processamento do registro 2/6
2025-05-12 16:35:21,097 - INFO - 
[Linha 1] Iniciando preenchimento do formul√°rio...
2025-05-12 16:35:21,097 - INFO - [Linha 1] Documento original: 05534899174
2025-05-12 16:35:21,098 - INFO - [Linha 1] Documento formatado: 055.348.991-74
2025-05-12 16:35:51,608 - ERROR - [Linha 1] ‚ùå ERRO em preencher formul√°rio: Message: 
Stacktrace:
	GetHandleVerifier [0x00007FF683A45335+78597]
	GetHandleVerifier [0x00007FF683A45390+78688]
	(No symbol) [0x00007FF6837F91AA]
	(No symbol) [0x00007FF68384F149]
	(No symbol) [0x00007FF68384F3FC]
	(No symbol) [0x00007FF6838A2467]
	(No symbol) [0x00007FF68387712F]
	(No symbol) [0x00007FF68389F2BB]
	(No symbol) [0x00007FF683876EC3]
	(No symbol) [0x00007FF6838403F8]
	(No symbol) [0x00007FF683841163]
	GetHandleVerifier [0x00007FF683CEEEED+2870973]
	GetHandleVerifier [0x00007FF683CE9698+2848360]
	GetHandleVerifier [0x00007FF683D06973+2967875]
	GetHandleVerifier [0x00007FF683A6017A+188746]
	GetHandleVerifier [0x00007FF683A6845F+222255]
	GetHandleVerifier [0x00007FF683A4D2B4+111236]
	GetHandleVerifier [0x00007FF683A4D462+111666]
	GetHandleVerifier [0x00007FF683A33589+5465]
	BaseThreadInitThunk [0x00007FFA0AE87374+20]
	RtlUserThreadStart [0x00007FFA0CDDCC91+33]

2025-05-12 16:35:51,610 - ERROR - Stack trace:
Traceback (most recent call last):
  File "C:\Users\gabriel.sandres\OneDrive - Sicoob\√Årea de Trabalho\cod_fonte_registro\registro-chamados-codigo-fonte\main.py", line 496, in preencher_formulario
    campo_documento = WebDriverWait(driver, 30).until(
                      ^^^^^^^^^^^^^^^^^^^^^^^^^^^^^^^^
  File "C:\Users\gabriel.sandres\AppData\Local\Programs\Python\Python312\Lib\site-packages\selenium\webdriver\support\wait.py", line 146, in until
    raise TimeoutException(message, screen, stacktrace)
selenium.common.exceptions.TimeoutException: Message: 
Stacktrace:
	GetHandleVerifier [0x00007FF683A45335+78597]
	GetHandleVerifier [0x00007FF683A45390+78688]
	(No symbol) [0x00007FF6837F91AA]
	(No symbol) [0x00007FF68384F149]
	(No symbol) [0x00007FF68384F3FC]
	(No symbol) [0x00007FF6838A2467]
	(No symbol) [0x00007FF68387712F]
	(No symbol) [0x00007FF68389F2BB]
	(No symbol) [0x00007FF683876EC3]
	(No symbol) [0x00007FF6838403F8]
	(No symbol) [0x00007FF683841163]
	GetHandleVerifier [0x00007FF683CEEEED+2870973]
	GetHandleVerifier [0x00007FF683CE9698+2848360]
	GetHandleVerifier [0x00007FF683D06973+2967875]
	GetHandleVerifier [0x00007FF683A6017A+188746]
	GetHandleVerifier [0x00007FF683A6845F+222255]
	GetHandleVerifier [0x00007FF683A4D2B4+111236]
	GetHandleVerifier [0x00007FF683A4D462+111666]
	GetHandleVerifier [0x00007FF683A33589+5465]
	BaseThreadInitThunk [0x00007FFA0AE87374+20]
	RtlUserThreadStart [0x00007FFA0CDDCC91+33]

2025-05-12 16:35:51,612 - ERROR - [Linha 1] ‚ùå Erro ao preencher formul√°rio
2025-05-12 16:35:53,613 - INFO - 
==================================================
2025-05-12 16:35:53,614 - INFO - [Linha 2] üìù Iniciando processamento do registro 3/6
2025-05-12 16:35:53,614 - INFO - 
[Linha 2] Iniciando preenchimento do formul√°rio...
2025-05-12 16:35:53,614 - INFO - [Linha 2] Documento original: 055.348.991-74
2025-05-12 16:35:53,614 - INFO - [Linha 2] Documento formatado: 055.348.991-74
2025-05-12 16:36:32,951 - ERROR - [Linha 2] ‚ùå ERRO em preencher formul√°rio: Message: 
Stacktrace:
	GetHandleVerifier [0x00007FF683A45335+78597]
	GetHandleVerifier [0x00007FF683A45390+78688]
	(No symbol) [0x00007FF6837F91AA]
	(No symbol) [0x00007FF68384F149]
	(No symbol) [0x00007FF68384F3FC]
	(No symbol) [0x00007FF6838A2467]
	(No symbol) [0x00007FF68387712F]
	(No symbol) [0x00007FF68389F2BB]
	(No symbol) [0x00007FF683876EC3]
	(No symbol) [0x00007FF6838403F8]
	(No symbol) [0x00007FF683841163]
	GetHandleVerifier [0x00007FF683CEEEED+2870973]
	GetHandleVerifier [0x00007FF683CE9698+2848360]
	GetHandleVerifier [0x00007FF683D06973+2967875]
	GetHandleVerifier [0x00007FF683A6017A+188746]
	GetHandleVerifier [0x00007FF683A6845F+222255]
	GetHandleVerifier [0x00007FF683A4D2B4+111236]
	GetHandleVerifier [0x00007FF683A4D462+111666]
	GetHandleVerifier [0x00007FF683A33589+5465]
	BaseThreadInitThunk [0x00007FFA0AE87374+20]
	RtlUserThreadStart [0x00007FFA0CDDCC91+33]

2025-05-12 16:36:32,953 - ERROR - Stack trace:
Traceback (most recent call last):
  File "C:\Users\gabriel.sandres\OneDrive - Sicoob\√Årea de Trabalho\cod_fonte_registro\registro-chamados-codigo-fonte\main.py", line 604, in preencher_formulario
    campo_protocolo = WebDriverWait(driver, 10).until(
                      ^^^^^^^^^^^^^^^^^^^^^^^^^^^^^^^^
  File "C:\Users\gabriel.sandres\AppData\Local\Programs\Python\Python312\Lib\site-packages\selenium\webdriver\support\wait.py", line 146, in until
    raise TimeoutException(message, screen, stacktrace)
selenium.common.exceptions.TimeoutException: Message: 
Stacktrace:
	GetHandleVerifier [0x00007FF683A45335+78597]
	GetHandleVerifier [0x00007FF683A45390+78688]
	(No symbol) [0x00007FF6837F91AA]
	(No symbol) [0x00007FF68384F149]
	(No symbol) [0x00007FF68384F3FC]
	(No symbol) [0x00007FF6838A2467]
	(No symbol) [0x00007FF68387712F]
	(No symbol) [0x00007FF68389F2BB]
	(No symbol) [0x00007FF683876EC3]
	(No symbol) [0x00007FF6838403F8]
	(No symbol) [0x00007FF683841163]
	GetHandleVerifier [0x00007FF683CEEEED+2870973]
	GetHandleVerifier [0x00007FF683CE9698+2848360]
	GetHandleVerifier [0x00007FF683D06973+2967875]
	GetHandleVerifier [0x00007FF683A6017A+188746]
	GetHandleVerifier [0x00007FF683A6845F+222255]
	GetHandleVerifier [0x00007FF683A4D2B4+111236]
	GetHandleVerifier [0x00007FF683A4D462+111666]
	GetHandleVerifier [0x00007FF683A33589+5465]
	BaseThreadInitThunk [0x00007FFA0AE87374+20]
	RtlUserThreadStart [0x00007FFA0CDDCC91+33]

2025-05-12 16:36:32,956 - ERROR - [Linha 2] ‚ùå Erro ao preencher formul√°rio
2025-05-12 16:36:34,959 - INFO - 
==================================================
2025-05-12 16:36:34,959 - INFO - [Linha 3] üìù Iniciando processamento do registro 4/6
2025-05-12 16:36:34,959 - INFO - 
[Linha 3] Iniciando preenchimento do formul√°rio...
2025-05-12 16:36:34,960 - INFO - [Linha 3] Documento original: 05534899174
2025-05-12 16:36:34,960 - INFO - [Linha 3] Documento formatado: 055.348.991-74
2025-05-12 16:37:05,459 - ERROR - [Linha 3] ‚ùå ERRO em preencher formul√°rio: Message: 
Stacktrace:
	GetHandleVerifier [0x00007FF683A45335+78597]
	GetHandleVerifier [0x00007FF683A45390+78688]
	(No symbol) [0x00007FF6837F91AA]
	(No symbol) [0x00007FF68384F149]
	(No symbol) [0x00007FF68384F3FC]
	(No symbol) [0x00007FF6838A2467]
	(No symbol) [0x00007FF68387712F]
	(No symbol) [0x00007FF68389F2BB]
	(No symbol) [0x00007FF683876EC3]
	(No symbol) [0x00007FF6838403F8]
	(No symbol) [0x00007FF683841163]
	GetHandleVerifier [0x00007FF683CEEEED+2870973]
	GetHandleVerifier [0x00007FF683CE9698+2848360]
	GetHandleVerifier [0x00007FF683D06973+2967875]
	GetHandleVerifier [0x00007FF683A6017A+188746]
	GetHandleVerifier [0x00007FF683A6845F+222255]
	GetHandleVerifier [0x00007FF683A4D2B4+111236]
	GetHandleVerifier [0x00007FF683A4D462+111666]
	GetHandleVerifier [0x00007FF683A33589+5465]
	BaseThreadInitThunk [0x00007FFA0AE87374+20]
	RtlUserThreadStart [0x00007FFA0CDDCC91+33]

2025-05-12 16:37:05,460 - ERROR - Stack trace:
Traceback (most recent call last):
  File "C:\Users\gabriel.sandres\OneDrive - Sicoob\√Årea de Trabalho\cod_fonte_registro\registro-chamados-codigo-fonte\main.py", line 496, in preencher_formulario
    campo_documento = WebDriverWait(driver, 30).until(
                      ^^^^^^^^^^^^^^^^^^^^^^^^^^^^^^^^
  File "C:\Users\gabriel.sandres\AppData\Local\Programs\Python\Python312\Lib\site-packages\selenium\webdriver\support\wait.py", line 146, in until
    raise TimeoutException(message, screen, stacktrace)
selenium.common.exceptions.TimeoutException: Message: 
Stacktrace:
	GetHandleVerifier [0x00007FF683A45335+78597]
	GetHandleVerifier [0x00007FF683A45390+78688]
	(No symbol) [0x00007FF6837F91AA]
	(No symbol) [0x00007FF68384F149]
	(No symbol) [0x00007FF68384F3FC]
	(No symbol) [0x00007FF6838A2467]
	(No symbol) [0x00007FF68387712F]
	(No symbol) [0x00007FF68389F2BB]
	(No symbol) [0x00007FF683876EC3]
	(No symbol) [0x00007FF6838403F8]
	(No symbol) [0x00007FF683841163]
	GetHandleVerifier [0x00007FF683CEEEED+2870973]
	GetHandleVerifier [0x00007FF683CE9698+2848360]
	GetHandleVerifier [0x00007FF683D06973+2967875]
	GetHandleVerifier [0x00007FF683A6017A+188746]
	GetHandleVerifier [0x00007FF683A6845F+222255]
	GetHandleVerifier [0x00007FF683A4D2B4+111236]
	GetHandleVerifier [0x00007FF683A4D462+111666]
	GetHandleVerifier [0x00007FF683A33589+5465]
	BaseThreadInitThunk [0x00007FFA0AE87374+20]
	RtlUserThreadStart [0x00007FFA0CDDCC91+33]

2025-05-12 16:37:05,462 - ERROR - [Linha 3] ‚ùå Erro ao preencher formul√°rio
2025-05-12 16:37:07,463 - INFO - 
==================================================
2025-05-12 16:37:07,463 - INFO - [Linha 4] üìù Iniciando processamento do registro 5/6
2025-05-12 16:37:07,464 - INFO - 
[Linha 4] Iniciando preenchimento do formul√°rio...
2025-05-12 16:37:07,464 - INFO - [Linha 4] Documento original: 055.348.991-74
2025-05-12 16:37:07,464 - INFO - [Linha 4] Documento formatado: 055.348.991-74
2025-05-12 16:37:37,027 - INFO - Fechando navegador...
2025-05-12 16:37:37,030 - WARNING - Retrying (Retry(total=2, connect=None, read=None, redirect=None, status=None)) after connection broken by 'ConnectionResetError(10054, 'Foi for√ßado o cancelamento de uma conex√£o existente pelo host remoto', None, 10054, None)': /session/b75f30ebdbcffb5fabb6b3f0b99eb339
